// Jest Snapshot v1, https://goo.gl/fbAQLP

exports[`<Index> should render component 1`] = `
<div
  className="relative pt-24 pb-24 px-4 sm:px-6 md:pt-28"
/>
`;
