// Jest Snapshot v1, https://goo.gl/fbAQLP

exports[`alnum.isAlphaNumeric 0 1`] = `true`;

exports[`alnum.isAlphaNumeric 1 1`] = `false`;

exports[`alnum.isAlphaNumeric 2 1`] = `false`;

exports[`alnum.isAlphaNumeric 3 1`] = `false`;

exports[`alnum.isAlphaNumeric 4 1`] = `false`;

exports[`alnum.isAlphaNumeric 5 1`] = `false`;
